// Jest Snapshot v1, https://goo.gl/fbAQLP

exports[`PromoBannerSkeleton matches snapshot 1`] = `
<View
  className="mb-6"
>
  <View
    className="bg-gray-input mx-4 h-36 rounded-20"
    collapsable={false}
    style={
      {
        "opacity": 0.4,
        "width": 718,
      }
    }
  />
  <View
    className="flex-row justify-center gap-1.5 mt-2"
  >
    <View
      className="bg-gray-input w-1.5 h-1.5 rounded-full"
      collapsable={false}
      style={
        {
          "opacity": 0.4,
        }
      }
    />
    <View
      className="bg-gray-input w-1.5 h-1.5 rounded-full"
      collapsable={false}
      style={
        {
          "opacity": 0.4,
        }
      }
    />
    <View
      className="bg-gray-input w-1.5 h-1.5 rounded-full"
      collapsable={false}
      style={
        {
          "opacity": 0.4,
        }
      }
    />
  </View>
</View>
`;
